// Jest Snapshot v1, https://goo.gl/fbAQLP

exports[`DateWidget simple 1`] = `
<div>
  <label
    className="block mb-1 text-color-danger"
    htmlFor="_id"
  >
    Some simple label
    *
  </label>
  <input
    autoFocus={true}
    className="p-inputtext p-component p-filled w-full p-invalid"
    disabled={false}
    id="_id"
    onBlur={[Function]}
    onChange={[Function]}
    onFocus={[Function]}
    onInput={[Function]}
    onKeyPress={[Function]}
    placeholder=""
    readOnly={true}
    required={true}
    type="date"
    value="value"
  />
</div>
`;
