// Jest Snapshot v1, https://goo.gl/fbAQLP

exports[`DescriptionField should return h2 element when description is being passed as props 1`] = `
<div
  className="text-sm mt-1 mb-3"
>
  SOME THING
</div>
`;
