// Jest Snapshot v1, https://goo.gl/fbAQLP

exports[`TitleField simple 1`] = `
<div
  className="border-bottom-1 mb-2"
>
  <h5>
    Hello
  </h5>
</div>
`;
